[noticia-digital.online/man/indexa37a.html]
[backblue.gif]
[fade.gif]
[index.html]
[noticia-digital.online/wp-content/plugins/elementor/assets/css/frontend-lite.minc6da.css]
[noticia-digital.online/wp-content/plugins/elementor/assets/lib/swiper/v8/css/swiper.min94a4.css]
[noticia-digital.online/wp-content/uploads/elementor/css/post-82847.css]
[noticia-digital.online/wp-content/uploads/elementor/css/globalc2d1.css]
[noticia-digital.online/wp-content/uploads/elementor/css/post-9be5e.css]
[connect.facebook.net/en_US/fbevents.js]
[noticia-digital.online/man/index.html]
[cdn-global.eplay.video/FDkEa3T/vi_FDkEa3TJYmqKMeQ1jt3/thumbnails/poster5df3.jpg]
[zeus.eplay.video/player/js/eplay.runtime.v4.js]
[media.atomicatpages.com/u/WyrML3TltAUaEcV9uHLoguwT6fh1/Pictures/RiFSAM8627250.jpg]
[media.atomicatpages.com/p/l.png]
[media.atomicatpages.com/p/h.png]
[media.atomicatpages.com/u/WyrML3TltAUaEcV9uHLoguwT6fh1/Pictures/ldrFIz8702425.jpg]
[media.atomicatpages.com/u/WyrML3TltAUaEcV9uHLoguwT6fh1/Pictures/pBGsmk7700884.jpg]
[media.atomicatpages.com/u/WyrML3TltAUaEcV9uHLoguwT6fh1/Pictures/qRIASb7741073.jpg]
[media.atomicatpages.com/u/WyrML3TltAUaEcV9uHLoguwT6fh1/Pictures/pxhalm7719565.jpg]
[media.atomicatpages.com/u/WyrML3TltAUaEcV9uHLoguwT6fh1/Pictures/yJgJDA7722232.jpg]
[media.atomicatpages.com/u/WyrML3TltAUaEcV9uHLoguwT6fh1/Pictures/WnkXNp7724938.jpg]
[media.atomicatpages.com/u/WyrML3TltAUaEcV9uHLoguwT6fh1/Pictures/gaAdzp9487461.jpg]
[media.atomicatpages.com/u/WyrML3TltAUaEcV9uHLoguwT6fh1/Pictures/obSbuY7732727.jpg]
[media.atomicatpages.com/u/WyrML3TltAUaEcV9uHLoguwT6fh1/Pictures/iSCvxX7729204.jpg]
[media.atomicatpages.com/u/WyrML3TltAUaEcV9uHLoguwT6fh1/l/RjvRgP7714340.jpg]
[media.atomicatpages.com/u/WyrML3TltAUaEcV9uHLoguwT6fh1/l/bIGrkl7730473.jpg]
[media.atomicatpages.com/u/WyrML3TltAUaEcV9uHLoguwT6fh1/l/CwAYJn7999382.jpg]
[media.atomicatpages.com/u/WyrML3TltAUaEcV9uHLoguwT6fh1/l/XYNEXb7854279.jpg]
[media.atomicatpages.com/u/WyrML3TltAUaEcV9uHLoguwT6fh1/l/LDbCts7750812.jpg]
[media.atomicatpages.com/u/WyrML3TltAUaEcV9uHLoguwT6fh1/l/kNdyur7886968.jpg]
[media.atomicatpages.com/u/WyrML3TltAUaEcV9uHLoguwT6fh1/l/ansHiX8002425.jpg]
[media.atomicatpages.com/u/WyrML3TltAUaEcV9uHLoguwT6fh1/l/Jomcex7916321.jpg]
[noticia-digital.online/wp-content/uploads/2024/05/portais.png]
[noticia-digital.online/wp-content/plugins/elementor/assets/js/webpack.runtime.minc6da.js]
[noticia-digital.online/wp-includes/js/jquery/jquery-migrate.min5589.js]
[noticia-digital.online/wp-includes/js/jquery/jquery.minf43b.js]
[noticia-digital.online/wp-content/plugins/elementor/assets/js/frontend-modules.minc6da.js]
[noticia-digital.online/wp-content/plugins/elementor/assets/lib/waypoints/waypoints.min05da.js]
[noticia-digital.online/wp-includes/js/jquery/ui/core.min3f14.js]
[noticia-digital.online/man/indexa37a.html]
[noticia-digital.online/wp-content/plugins/elementor/assets/css/frontend-lite.minc6da.css]
[noticia-digital.online/wp-content/plugins/elementor/assets/lib/swiper/v8/css/swiper.min94a4.css]
[noticia-digital.online/wp-content/uploads/elementor/css/post-82847.css]
[noticia-digital.online/wp-content/uploads/elementor/css/globalc2d1.css]
[noticia-digital.online/wp-content/uploads/elementor/css/post-9be5e.css]
[noticia-digital.online/wp-content/plugins/elementor/assets/js/frontend.minc6da.js]
[noticia-digital.online/man/index.html]
[noticia-digital.online/man/POST]
[noticia-digital.online/man/schema.org/index.html]
[noticia-digital.online/man/b.26.delayed]
[noticia-digital.online/signals/iwl.js]
[connect.facebook.net/en_US/fbevents.js]
[noticia-digital.online/man/POST.html]
[noticia-digital.online/man/schema.org/index.html]
[noticia-digital.online/man/b.html]
[noticia-digital.online/signals/iwl.html]
